[INFO] Scanning for projects...
[INFO] 
[INFO] ----------------< com.gustavocirino:myday-productivity >----------------
[INFO] Building myday-productivity 0.0.1-SNAPSHOT
[INFO]   from pom.xml
[INFO] --------------------------------[ jar ]---------------------------------
[INFO] 
[INFO] --- resources:3.3.1:resources (default-resources) @ myday-productivity ---
[INFO] Copying 1 resource from src\main\resources to target\classes
[INFO] Copying 25 resources from src\main\resources to target\classes
[INFO] 
[INFO] --- compiler:3.14.1:compile (default-compile) @ myday-productivity ---
[INFO] Nothing to compile - all classes are up to date.
[INFO] ------------------------------------------------------------------------
[INFO] BUILD SUCCESS
[INFO] ------------------------------------------------------------------------
[INFO] Total time:  3.790 s
[INFO] Finished at: 2026-03-10T17:33:54-03:00
[INFO] ------------------------------------------------------------------------
